INFO - 2026-07-20 09:44:00 --> Session: Class initialized using 'CodeIgniter\Session\Handlers\FileHandler' driver.
INFO - 2026-07-20 09:47:01 --> Session: Class initialized using 'CodeIgniter\Session\Handlers\FileHandler' driver.
INFO - 2026-07-20 09:48:10 --> Session: Class initialized using 'CodeIgniter\Session\Handlers\FileHandler' driver.
INFO - 2026-07-20 09:48:12 --> Session: Class initialized using 'CodeIgniter\Session\Handlers\FileHandler' driver.
ERROR - 2026-07-20 09:48:14 --> Exception: Unable to prepare statement: 1, no such table: prefixe in /home/elmitia/Musique/examen_finalS4/system/Database/SQLite3/Connection.php:158
Stack trace:
#0 /home/elmitia/Musique/examen_finalS4/system/Database/SQLite3/Connection.php(158): SQLite3->query()
#1 /home/elmitia/Musique/examen_finalS4/system/Database/BaseConnection.php(734): CodeIgniter\Database\SQLite3\Connection->execute()
#2 /home/elmitia/Musique/examen_finalS4/system/Database/BaseConnection.php(648): CodeIgniter\Database\BaseConnection->simpleQuery()
#3 /home/elmitia/Musique/examen_finalS4/system/Database/BaseBuilder.php(1644): CodeIgniter\Database\BaseConnection->query()
#4 /home/elmitia/Musique/examen_finalS4/system/Model.php(330): CodeIgniter\Database\BaseBuilder->get()
#5 /home/elmitia/Musique/examen_finalS4/system/BaseModel.php(714): CodeIgniter\Model->doFirst()
#6 /home/elmitia/Musique/examen_finalS4/app/Models/PrefixeModel.php(18): CodeIgniter\BaseModel->first()
#7 /home/elmitia/Musique/examen_finalS4/app/Controllers/ClientController.php(43): App\Models\PrefixeModel->isValid()
#8 /home/elmitia/Musique/examen_finalS4/system/CodeIgniter.php(933): App\Controllers\ClientController->doLogin()
#9 /home/elmitia/Musique/examen_finalS4/system/CodeIgniter.php(509): CodeIgniter\CodeIgniter->runController()
#10 /home/elmitia/Musique/examen_finalS4/system/CodeIgniter.php(355): CodeIgniter\CodeIgniter->handleRequest()
#11 /home/elmitia/Musique/examen_finalS4/system/Boot.php(325): CodeIgniter\CodeIgniter->run()
#12 /home/elmitia/Musique/examen_finalS4/system/Boot.php(67): CodeIgniter\Boot::runCodeIgniter()
#13 /home/elmitia/Musique/examen_finalS4/public/index.php(56): CodeIgniter\Boot::bootWeb()
#14 /home/elmitia/Musique/examen_finalS4/system/rewrite.php(44): require_once('...')
#15 {main}
CRITICAL - 2026-07-20 09:48:14 --> CodeIgniter\Database\Exceptions\DatabaseException: Unable to prepare statement: 1, no such table: prefixe
[Method: POST, Route: client/login]
in SYSTEMPATH/Database/BaseConnection.php on line 688.
 1 SYSTEMPATH/Database/BaseBuilder.php(1644): CodeIgniter\Database\BaseConnection->query()
 2 SYSTEMPATH/Model.php(330): CodeIgniter\Database\BaseBuilder->get()
 3 SYSTEMPATH/BaseModel.php(714): CodeIgniter\Model->doFirst()
 4 APPPATH/Models/PrefixeModel.php(18): CodeIgniter\BaseModel->first()
 5 APPPATH/Controllers/ClientController.php(43): App\Models\PrefixeModel->isValid()
 6 SYSTEMPATH/CodeIgniter.php(933): App\Controllers\ClientController->doLogin()
 7 SYSTEMPATH/CodeIgniter.php(509): CodeIgniter\CodeIgniter->runController()
 8 SYSTEMPATH/CodeIgniter.php(355): CodeIgniter\CodeIgniter->handleRequest()
 9 SYSTEMPATH/Boot.php(325): CodeIgniter\CodeIgniter->run()
10 SYSTEMPATH/Boot.php(67): CodeIgniter\Boot::runCodeIgniter()
11 FCPATH/index.php(56): CodeIgniter\Boot::bootWeb()
12 SYSTEMPATH/rewrite.php(44): require_once('/home/elmitia/Musique/examen_finalS4/public/index.php')
CRITICAL - 2026-07-20 09:48:14 --> [Caused by] CodeIgniter\Database\Exceptions\DatabaseException: Unable to prepare statement: 1, no such table: prefixe
in SYSTEMPATH/Database/SQLite3/Connection.php on line 163.
 1 SYSTEMPATH/Database/BaseConnection.php(734): CodeIgniter\Database\SQLite3\Connection->execute()
 2 SYSTEMPATH/Database/BaseConnection.php(648): CodeIgniter\Database\BaseConnection->simpleQuery()
 3 SYSTEMPATH/Database/BaseBuilder.php(1644): CodeIgniter\Database\BaseConnection->query()
 4 SYSTEMPATH/Model.php(330): CodeIgniter\Database\BaseBuilder->get()
 5 SYSTEMPATH/BaseModel.php(714): CodeIgniter\Model->doFirst()
 6 APPPATH/Models/PrefixeModel.php(18): CodeIgniter\BaseModel->first()
 7 APPPATH/Controllers/ClientController.php(43): App\Models\PrefixeModel->isValid()
 8 SYSTEMPATH/CodeIgniter.php(933): App\Controllers\ClientController->doLogin()
 9 SYSTEMPATH/CodeIgniter.php(509): CodeIgniter\CodeIgniter->runController()
10 SYSTEMPATH/CodeIgniter.php(355): CodeIgniter\CodeIgniter->handleRequest()
11 SYSTEMPATH/Boot.php(325): CodeIgniter\CodeIgniter->run()
12 SYSTEMPATH/Boot.php(67): CodeIgniter\Boot::runCodeIgniter()
13 FCPATH/index.php(56): CodeIgniter\Boot::bootWeb()
14 SYSTEMPATH/rewrite.php(44): require_once('/home/elmitia/Musique/examen_finalS4/public/index.php')
CRITICAL - 2026-07-20 09:48:14 --> [Caused by] Exception: Unable to prepare statement: 1, no such table: prefixe
in SYSTEMPATH/Database/SQLite3/Connection.php on line 158.
 1 SYSTEMPATH/Database/SQLite3/Connection.php(158): SQLite3->query()
 2 SYSTEMPATH/Database/BaseConnection.php(734): CodeIgniter\Database\SQLite3\Connection->execute()
 3 SYSTEMPATH/Database/BaseConnection.php(648): CodeIgniter\Database\BaseConnection->simpleQuery()
 4 SYSTEMPATH/Database/BaseBuilder.php(1644): CodeIgniter\Database\BaseConnection->query()
 5 SYSTEMPATH/Model.php(330): CodeIgniter\Database\BaseBuilder->get()
 6 SYSTEMPATH/BaseModel.php(714): CodeIgniter\Model->doFirst()
 7 APPPATH/Models/PrefixeModel.php(18): CodeIgniter\BaseModel->first()
 8 APPPATH/Controllers/ClientController.php(43): App\Models\PrefixeModel->isValid()
 9 SYSTEMPATH/CodeIgniter.php(933): App\Controllers\ClientController->doLogin()
10 SYSTEMPATH/CodeIgniter.php(509): CodeIgniter\CodeIgniter->runController()
11 SYSTEMPATH/CodeIgniter.php(355): CodeIgniter\CodeIgniter->handleRequest()
12 SYSTEMPATH/Boot.php(325): CodeIgniter\CodeIgniter->run()
13 SYSTEMPATH/Boot.php(67): CodeIgniter\Boot::runCodeIgniter()
14 FCPATH/index.php(56): CodeIgniter\Boot::bootWeb()
15 SYSTEMPATH/rewrite.php(44): require_once('/home/elmitia/Musique/examen_finalS4/public/index.php')
INFO - 2026-07-20 09:50:57 --> Session: Class initialized using 'CodeIgniter\Session\Handlers\FileHandler' driver.
INFO - 2026-07-20 09:51:00 --> Session: Class initialized using 'CodeIgniter\Session\Handlers\FileHandler' driver.
ERROR - 2026-07-20 09:51:02 --> Error connecting to the database: CodeIgniter\Database\Exceptions\DatabaseException: SQLite3 error: Unable to open database: unable to open database file in /home/elmitia/Musique/examen_finalS4/system/Database/SQLite3/Connection.php:100
Stack trace:
#0 /home/elmitia/Musique/examen_finalS4/system/Database/BaseConnection.php(421): CodeIgniter\Database\SQLite3\Connection->connect()
#1 /home/elmitia/Musique/examen_finalS4/system/Database/SQLite3/Connection.php(63): CodeIgniter\Database\BaseConnection->initialize()
#2 /home/elmitia/Musique/examen_finalS4/system/Database/BaseConnection.php(616): CodeIgniter\Database\SQLite3\Connection->initialize()
#3 /home/elmitia/Musique/examen_finalS4/system/Database/BaseBuilder.php(1644): CodeIgniter\Database\BaseConnection->query()
#4 /home/elmitia/Musique/examen_finalS4/system/Model.php(330): CodeIgniter\Database\BaseBuilder->get()
#5 /home/elmitia/Musique/examen_finalS4/system/BaseModel.php(714): CodeIgniter\Model->doFirst()
#6 /home/elmitia/Musique/examen_finalS4/app/Models/PrefixeModel.php(18): CodeIgniter\BaseModel->first()
#7 /home/elmitia/Musique/examen_finalS4/app/Controllers/ClientController.php(43): App\Models\PrefixeModel->isValid()
#8 /home/elmitia/Musique/examen_finalS4/system/CodeIgniter.php(933): App\Controllers\ClientController->doLogin()
#9 /home/elmitia/Musique/examen_finalS4/system/CodeIgniter.php(509): CodeIgniter\CodeIgniter->runController()
#10 /home/elmitia/Musique/examen_finalS4/system/CodeIgniter.php(355): CodeIgniter\CodeIgniter->handleRequest()
#11 /home/elmitia/Musique/examen_finalS4/system/Boot.php(325): CodeIgniter\CodeIgniter->run()
#12 /home/elmitia/Musique/examen_finalS4/system/Boot.php(67): CodeIgniter\Boot::runCodeIgniter()
#13 /home/elmitia/Musique/examen_finalS4/public/index.php(56): CodeIgniter\Boot::bootWeb()
#14 /home/elmitia/Musique/examen_finalS4/system/rewrite.php(44): require_once('...')
#15 {main}
CRITICAL - 2026-07-20 09:51:02 --> CodeIgniter\Database\Exceptions\DatabaseException: Unable to connect to the database.
Main connection [SQLite3]: SQLite3 error: Unable to open database: unable to open database file
[Method: POST, Route: client/login]
in SYSTEMPATH/Database/BaseConnection.php on line 467.
 1 SYSTEMPATH/Database/SQLite3/Connection.php(63): CodeIgniter\Database\BaseConnection->initialize()
 2 SYSTEMPATH/Database/BaseConnection.php(616): CodeIgniter\Database\SQLite3\Connection->initialize()
 3 SYSTEMPATH/Database/BaseBuilder.php(1644): CodeIgniter\Database\BaseConnection->query()
 4 SYSTEMPATH/Model.php(330): CodeIgniter\Database\BaseBuilder->get()
 5 SYSTEMPATH/BaseModel.php(714): CodeIgniter\Model->doFirst()
 6 APPPATH/Models/PrefixeModel.php(18): CodeIgniter\BaseModel->first()
 7 APPPATH/Controllers/ClientController.php(43): App\Models\PrefixeModel->isValid()
 8 SYSTEMPATH/CodeIgniter.php(933): App\Controllers\ClientController->doLogin()
 9 SYSTEMPATH/CodeIgniter.php(509): CodeIgniter\CodeIgniter->runController()
10 SYSTEMPATH/CodeIgniter.php(355): CodeIgniter\CodeIgniter->handleRequest()
11 SYSTEMPATH/Boot.php(325): CodeIgniter\CodeIgniter->run()
12 SYSTEMPATH/Boot.php(67): CodeIgniter\Boot::runCodeIgniter()
13 FCPATH/index.php(56): CodeIgniter\Boot::bootWeb()
14 SYSTEMPATH/rewrite.php(44): require_once('/home/elmitia/Musique/examen_finalS4/public/index.php')
INFO - 2026-07-20 09:52:38 --> Session: Class initialized using 'CodeIgniter\Session\Handlers\FileHandler' driver.
INFO - 2026-07-20 09:52:40 --> Session: Class initialized using 'CodeIgniter\Session\Handlers\FileHandler' driver.
ERROR - 2026-07-20 09:52:42 --> Error connecting to the database: CodeIgniter\Database\Exceptions\DatabaseException: SQLite3 error: Unable to open database: unable to open database file in /home/elmitia/Musique/examen_finalS4/system/Database/SQLite3/Connection.php:100
Stack trace:
#0 /home/elmitia/Musique/examen_finalS4/system/Database/BaseConnection.php(421): CodeIgniter\Database\SQLite3\Connection->connect()
#1 /home/elmitia/Musique/examen_finalS4/system/Database/SQLite3/Connection.php(63): CodeIgniter\Database\BaseConnection->initialize()
#2 /home/elmitia/Musique/examen_finalS4/system/Database/BaseConnection.php(616): CodeIgniter\Database\SQLite3\Connection->initialize()
#3 /home/elmitia/Musique/examen_finalS4/system/Database/BaseBuilder.php(1644): CodeIgniter\Database\BaseConnection->query()
#4 /home/elmitia/Musique/examen_finalS4/system/Model.php(330): CodeIgniter\Database\BaseBuilder->get()
#5 /home/elmitia/Musique/examen_finalS4/system/BaseModel.php(714): CodeIgniter\Model->doFirst()
#6 /home/elmitia/Musique/examen_finalS4/app/Models/PrefixeModel.php(18): CodeIgniter\BaseModel->first()
#7 /home/elmitia/Musique/examen_finalS4/app/Controllers/ClientController.php(43): App\Models\PrefixeModel->isValid()
#8 /home/elmitia/Musique/examen_finalS4/system/CodeIgniter.php(933): App\Controllers\ClientController->doLogin()
#9 /home/elmitia/Musique/examen_finalS4/system/CodeIgniter.php(509): CodeIgniter\CodeIgniter->runController()
#10 /home/elmitia/Musique/examen_finalS4/system/CodeIgniter.php(355): CodeIgniter\CodeIgniter->handleRequest()
#11 /home/elmitia/Musique/examen_finalS4/system/Boot.php(325): CodeIgniter\CodeIgniter->run()
#12 /home/elmitia/Musique/examen_finalS4/system/Boot.php(67): CodeIgniter\Boot::runCodeIgniter()
#13 /home/elmitia/Musique/examen_finalS4/public/index.php(56): CodeIgniter\Boot::bootWeb()
#14 /home/elmitia/Musique/examen_finalS4/system/rewrite.php(44): require_once('...')
#15 {main}
CRITICAL - 2026-07-20 09:52:42 --> CodeIgniter\Database\Exceptions\DatabaseException: Unable to connect to the database.
Main connection [SQLite3]: SQLite3 error: Unable to open database: unable to open database file
[Method: POST, Route: client/login]
in SYSTEMPATH/Database/BaseConnection.php on line 467.
 1 SYSTEMPATH/Database/SQLite3/Connection.php(63): CodeIgniter\Database\BaseConnection->initialize()
 2 SYSTEMPATH/Database/BaseConnection.php(616): CodeIgniter\Database\SQLite3\Connection->initialize()
 3 SYSTEMPATH/Database/BaseBuilder.php(1644): CodeIgniter\Database\BaseConnection->query()
 4 SYSTEMPATH/Model.php(330): CodeIgniter\Database\BaseBuilder->get()
 5 SYSTEMPATH/BaseModel.php(714): CodeIgniter\Model->doFirst()
 6 APPPATH/Models/PrefixeModel.php(18): CodeIgniter\BaseModel->first()
 7 APPPATH/Controllers/ClientController.php(43): App\Models\PrefixeModel->isValid()
 8 SYSTEMPATH/CodeIgniter.php(933): App\Controllers\ClientController->doLogin()
 9 SYSTEMPATH/CodeIgniter.php(509): CodeIgniter\CodeIgniter->runController()
10 SYSTEMPATH/CodeIgniter.php(355): CodeIgniter\CodeIgniter->handleRequest()
11 SYSTEMPATH/Boot.php(325): CodeIgniter\CodeIgniter->run()
12 SYSTEMPATH/Boot.php(67): CodeIgniter\Boot::runCodeIgniter()
13 FCPATH/index.php(56): CodeIgniter\Boot::bootWeb()
14 SYSTEMPATH/rewrite.php(44): require_once('/home/elmitia/Musique/examen_finalS4/public/index.php')
INFO - 2026-07-20 09:53:22 --> Session: Class initialized using 'CodeIgniter\Session\Handlers\FileHandler' driver.
INFO - 2026-07-20 09:53:23 --> Session: Class initialized using 'CodeIgniter\Session\Handlers\FileHandler' driver.
ERROR - 2026-07-20 09:53:26 --> Error connecting to the database: CodeIgniter\Database\Exceptions\DatabaseException: SQLite3 error: Unable to open database: unable to open database file in /home/elmitia/Musique/examen_finalS4/system/Database/SQLite3/Connection.php:100
Stack trace:
#0 /home/elmitia/Musique/examen_finalS4/system/Database/BaseConnection.php(421): CodeIgniter\Database\SQLite3\Connection->connect()
#1 /home/elmitia/Musique/examen_finalS4/system/Database/SQLite3/Connection.php(63): CodeIgniter\Database\BaseConnection->initialize()
#2 /home/elmitia/Musique/examen_finalS4/system/Database/BaseConnection.php(616): CodeIgniter\Database\SQLite3\Connection->initialize()
#3 /home/elmitia/Musique/examen_finalS4/system/Database/BaseBuilder.php(1644): CodeIgniter\Database\BaseConnection->query()
#4 /home/elmitia/Musique/examen_finalS4/system/Model.php(330): CodeIgniter\Database\BaseBuilder->get()
#5 /home/elmitia/Musique/examen_finalS4/system/BaseModel.php(714): CodeIgniter\Model->doFirst()
#6 /home/elmitia/Musique/examen_finalS4/app/Models/PrefixeModel.php(18): CodeIgniter\BaseModel->first()
#7 /home/elmitia/Musique/examen_finalS4/app/Controllers/ClientController.php(43): App\Models\PrefixeModel->isValid()
#8 /home/elmitia/Musique/examen_finalS4/system/CodeIgniter.php(933): App\Controllers\ClientController->doLogin()
#9 /home/elmitia/Musique/examen_finalS4/system/CodeIgniter.php(509): CodeIgniter\CodeIgniter->runController()
#10 /home/elmitia/Musique/examen_finalS4/system/CodeIgniter.php(355): CodeIgniter\CodeIgniter->handleRequest()
#11 /home/elmitia/Musique/examen_finalS4/system/Boot.php(325): CodeIgniter\CodeIgniter->run()
#12 /home/elmitia/Musique/examen_finalS4/system/Boot.php(67): CodeIgniter\Boot::runCodeIgniter()
#13 /home/elmitia/Musique/examen_finalS4/public/index.php(56): CodeIgniter\Boot::bootWeb()
#14 /home/elmitia/Musique/examen_finalS4/system/rewrite.php(44): require_once('...')
#15 {main}
CRITICAL - 2026-07-20 09:53:26 --> CodeIgniter\Database\Exceptions\DatabaseException: Unable to connect to the database.
Main connection [SQLite3]: SQLite3 error: Unable to open database: unable to open database file
[Method: POST, Route: client/login]
in SYSTEMPATH/Database/BaseConnection.php on line 467.
 1 SYSTEMPATH/Database/SQLite3/Connection.php(63): CodeIgniter\Database\BaseConnection->initialize()
 2 SYSTEMPATH/Database/BaseConnection.php(616): CodeIgniter\Database\SQLite3\Connection->initialize()
 3 SYSTEMPATH/Database/BaseBuilder.php(1644): CodeIgniter\Database\BaseConnection->query()
 4 SYSTEMPATH/Model.php(330): CodeIgniter\Database\BaseBuilder->get()
 5 SYSTEMPATH/BaseModel.php(714): CodeIgniter\Model->doFirst()
 6 APPPATH/Models/PrefixeModel.php(18): CodeIgniter\BaseModel->first()
 7 APPPATH/Controllers/ClientController.php(43): App\Models\PrefixeModel->isValid()
 8 SYSTEMPATH/CodeIgniter.php(933): App\Controllers\ClientController->doLogin()
 9 SYSTEMPATH/CodeIgniter.php(509): CodeIgniter\CodeIgniter->runController()
10 SYSTEMPATH/CodeIgniter.php(355): CodeIgniter\CodeIgniter->handleRequest()
11 SYSTEMPATH/Boot.php(325): CodeIgniter\CodeIgniter->run()
12 SYSTEMPATH/Boot.php(67): CodeIgniter\Boot::runCodeIgniter()
13 FCPATH/index.php(56): CodeIgniter\Boot::bootWeb()
14 SYSTEMPATH/rewrite.php(44): require_once('/home/elmitia/Musique/examen_finalS4/public/index.php')
INFO - 2026-07-20 09:54:52 --> Session: Class initialized using 'CodeIgniter\Session\Handlers\FileHandler' driver.
INFO - 2026-07-20 09:54:53 --> Session: Class initialized using 'CodeIgniter\Session\Handlers\FileHandler' driver.
INFO - 2026-07-20 09:54:55 --> Session: Class initialized using 'CodeIgniter\Session\Handlers\FileHandler' driver.
INFO - 2026-07-20 09:54:55 --> Session: Class initialized using 'CodeIgniter\Session\Handlers\FileHandler' driver.
INFO - 2026-07-20 09:54:58 --> Session: Class initialized using 'CodeIgniter\Session\Handlers\FileHandler' driver.
INFO - 2026-07-20 09:55:02 --> Session: Class initialized using 'CodeIgniter\Session\Handlers\FileHandler' driver.
INFO - 2026-07-20 09:55:04 --> Session: Class initialized using 'CodeIgniter\Session\Handlers\FileHandler' driver.
INFO - 2026-07-20 09:55:05 --> Session: Class initialized using 'CodeIgniter\Session\Handlers\FileHandler' driver.
INFO - 2026-07-20 09:55:08 --> Session: Class initialized using 'CodeIgniter\Session\Handlers\FileHandler' driver.
INFO - 2026-07-20 09:55:08 --> Session: Class initialized using 'CodeIgniter\Session\Handlers\FileHandler' driver.
INFO - 2026-07-20 09:55:09 --> Session: Class initialized using 'CodeIgniter\Session\Handlers\FileHandler' driver.
INFO - 2026-07-20 09:55:13 --> Session: Class initialized using 'CodeIgniter\Session\Handlers\FileHandler' driver.
INFO - 2026-07-20 09:55:14 --> Session: Class initialized using 'CodeIgniter\Session\Handlers\FileHandler' driver.
INFO - 2026-07-20 09:55:16 --> Session: Class initialized using 'CodeIgniter\Session\Handlers\FileHandler' driver.
INFO - 2026-07-20 09:55:17 --> Session: Class initialized using 'CodeIgniter\Session\Handlers\FileHandler' driver.
INFO - 2026-07-20 09:55:37 --> Session: Class initialized using 'CodeIgniter\Session\Handlers\FileHandler' driver.
INFO - 2026-07-20 09:55:37 --> Session: Class initialized using 'CodeIgniter\Session\Handlers\FileHandler' driver.
INFO - 2026-07-20 12:05:24 --> Session: Class initialized using 'CodeIgniter\Session\Handlers\FileHandler' driver.
INFO - 2026-07-20 12:05:26 --> Session: Class initialized using 'CodeIgniter\Session\Handlers\FileHandler' driver.
INFO - 2026-07-20 12:05:30 --> Session: Class initialized using 'CodeIgniter\Session\Handlers\FileHandler' driver.
INFO - 2026-07-20 12:05:30 --> Session: Class initialized using 'CodeIgniter\Session\Handlers\FileHandler' driver.
INFO - 2026-07-20 12:05:38 --> Session: Class initialized using 'CodeIgniter\Session\Handlers\FileHandler' driver.
INFO - 2026-07-20 12:05:50 --> Session: Class initialized using 'CodeIgniter\Session\Handlers\FileHandler' driver.
INFO - 2026-07-20 12:05:50 --> Session: Class initialized using 'CodeIgniter\Session\Handlers\FileHandler' driver.
INFO - 2026-07-20 12:05:54 --> Session: Class initialized using 'CodeIgniter\Session\Handlers\FileHandler' driver.
INFO - 2026-07-20 12:07:12 --> Session: Class initialized using 'CodeIgniter\Session\Handlers\FileHandler' driver.
INFO - 2026-07-20 12:07:12 --> Session: Class initialized using 'CodeIgniter\Session\Handlers\FileHandler' driver.
INFO - 2026-07-20 12:10:21 --> Session: Class initialized using 'CodeIgniter\Session\Handlers\FileHandler' driver.
INFO - 2026-07-20 12:10:24 --> Session: Class initialized using 'CodeIgniter\Session\Handlers\FileHandler' driver.
INFO - 2026-07-20 12:10:24 --> Session: Class initialized using 'CodeIgniter\Session\Handlers\FileHandler' driver.
INFO - 2026-07-20 12:10:26 --> Session: Class initialized using 'CodeIgniter\Session\Handlers\FileHandler' driver.
INFO - 2026-07-20 12:27:04 --> Session: Class initialized using 'CodeIgniter\Session\Handlers\FileHandler' driver.
INFO - 2026-07-20 12:27:14 --> Session: Class initialized using 'CodeIgniter\Session\Handlers\FileHandler' driver.
INFO - 2026-07-20 12:27:15 --> Session: Class initialized using 'CodeIgniter\Session\Handlers\FileHandler' driver.
INFO - 2026-07-20 12:27:18 --> Session: Class initialized using 'CodeIgniter\Session\Handlers\FileHandler' driver.
INFO - 2026-07-20 12:27:19 --> Session: Class initialized using 'CodeIgniter\Session\Handlers\FileHandler' driver.
INFO - 2026-07-20 12:27:23 --> Session: Class initialized using 'CodeIgniter\Session\Handlers\FileHandler' driver.
INFO - 2026-07-20 12:27:41 --> Session: Class initialized using 'CodeIgniter\Session\Handlers\FileHandler' driver.
INFO - 2026-07-20 12:27:41 --> Session: Class initialized using 'CodeIgniter\Session\Handlers\FileHandler' driver.
INFO - 2026-07-20 12:49:15 --> Session: Class initialized using 'CodeIgniter\Session\Handlers\FileHandler' driver.
INFO - 2026-07-20 12:49:15 --> Session: Class initialized using 'CodeIgniter\Session\Handlers\FileHandler' driver.
INFO - 2026-07-20 12:49:15 --> Session: Class initialized using 'CodeIgniter\Session\Handlers\FileHandler' driver.
INFO - 2026-07-20 12:49:42 --> Session: Class initialized using 'CodeIgniter\Session\Handlers\FileHandler' driver.
INFO - 2026-07-20 12:49:42 --> Session: Class initialized using 'CodeIgniter\Session\Handlers\FileHandler' driver.
INFO - 2026-07-20 12:49:42 --> Session: Class initialized using 'CodeIgniter\Session\Handlers\FileHandler' driver.
INFO - 2026-07-20 13:03:51 --> Session: Class initialized using 'CodeIgniter\Session\Handlers\FileHandler' driver.
INFO - 2026-07-20 13:03:52 --> Session: Class initialized using 'CodeIgniter\Session\Handlers\FileHandler' driver.
INFO - 2026-07-20 13:03:52 --> Session: Class initialized using 'CodeIgniter\Session\Handlers\FileHandler' driver.
INFO - 2026-07-20 13:03:52 --> Session: Class initialized using 'CodeIgniter\Session\Handlers\FileHandler' driver.
INFO - 2026-07-20 13:03:52 --> Session: Class initialized using 'CodeIgniter\Session\Handlers\FileHandler' driver.
INFO - 2026-07-20 13:06:09 --> Session: Class initialized using 'CodeIgniter\Session\Handlers\FileHandler' driver.
INFO - 2026-07-20 13:06:11 --> Session: Class initialized using 'CodeIgniter\Session\Handlers\FileHandler' driver.
INFO - 2026-07-20 13:06:14 --> Session: Class initialized using 'CodeIgniter\Session\Handlers\FileHandler' driver.
INFO - 2026-07-20 13:06:15 --> Session: Class initialized using 'CodeIgniter\Session\Handlers\FileHandler' driver.
INFO - 2026-07-20 13:06:19 --> Session: Class initialized using 'CodeIgniter\Session\Handlers\FileHandler' driver.
INFO - 2026-07-20 13:06:20 --> Session: Class initialized using 'CodeIgniter\Session\Handlers\FileHandler' driver.
CRITICAL - 2026-07-20 13:06:20 --> Error: Call to a member function table() on null
[Method: GET, Route: client/operation]
in APPPATH/Views/client/operation.php on line 119.
 1 SYSTEMPATH/View/View.php(234): include()
 2 SYSTEMPATH/View/View.php(237): CodeIgniter\View\View->CodeIgniter\View\{closure}()
 3 SYSTEMPATH/Common.php(1171): CodeIgniter\View\View->render()
 4 APPPATH/Controllers/ClientController.php(86): view()
 5 SYSTEMPATH/CodeIgniter.php(933): App\Controllers\ClientController->operation()
 6 SYSTEMPATH/CodeIgniter.php(509): CodeIgniter\CodeIgniter->runController()
 7 SYSTEMPATH/CodeIgniter.php(355): CodeIgniter\CodeIgniter->handleRequest()
 8 SYSTEMPATH/Boot.php(325): CodeIgniter\CodeIgniter->run()
 9 SYSTEMPATH/Boot.php(67): CodeIgniter\Boot::runCodeIgniter()
10 FCPATH/index.php(56): CodeIgniter\Boot::bootWeb()
11 SYSTEMPATH/rewrite.php(44): require_once('/home/elmitia/Musique/examen_finalS4/public/index.php')
INFO - 2026-07-20 13:07:55 --> Session: Class initialized using 'CodeIgniter\Session\Handlers\FileHandler' driver.
INFO - 2026-07-20 13:07:57 --> Session: Class initialized using 'CodeIgniter\Session\Handlers\FileHandler' driver.
CRITICAL - 2026-07-20 13:07:57 --> Error: Call to a member function table() on null
[Method: GET, Route: client/operation]
in APPPATH/Views/client/operation.php on line 119.
 1 SYSTEMPATH/View/View.php(234): include()
 2 SYSTEMPATH/View/View.php(237): CodeIgniter\View\View->CodeIgniter\View\{closure}()
 3 SYSTEMPATH/Common.php(1171): CodeIgniter\View\View->render()
 4 APPPATH/Controllers/ClientController.php(86): view()
 5 SYSTEMPATH/CodeIgniter.php(933): App\Controllers\ClientController->operation()
 6 SYSTEMPATH/CodeIgniter.php(509): CodeIgniter\CodeIgniter->runController()
 7 SYSTEMPATH/CodeIgniter.php(355): CodeIgniter\CodeIgniter->handleRequest()
 8 SYSTEMPATH/Boot.php(325): CodeIgniter\CodeIgniter->run()
 9 SYSTEMPATH/Boot.php(67): CodeIgniter\Boot::runCodeIgniter()
10 FCPATH/index.php(56): CodeIgniter\Boot::bootWeb()
11 SYSTEMPATH/rewrite.php(44): require_once('/home/elmitia/Musique/examen_finalS4/public/index.php')
INFO - 2026-07-20 13:08:00 --> Session: Class initialized using 'CodeIgniter\Session\Handlers\FileHandler' driver.
INFO - 2026-07-20 13:08:05 --> Session: Class initialized using 'CodeIgniter\Session\Handlers\FileHandler' driver.
INFO - 2026-07-20 13:08:09 --> Session: Class initialized using 'CodeIgniter\Session\Handlers\FileHandler' driver.
CRITICAL - 2026-07-20 13:08:09 --> Error: Call to a member function table() on null
[Method: GET, Route: client/operation]
in APPPATH/Views/client/operation.php on line 119.
 1 SYSTEMPATH/View/View.php(234): include()
 2 SYSTEMPATH/View/View.php(237): CodeIgniter\View\View->CodeIgniter\View\{closure}()
 3 SYSTEMPATH/Common.php(1171): CodeIgniter\View\View->render()
 4 APPPATH/Controllers/ClientController.php(86): view()
 5 SYSTEMPATH/CodeIgniter.php(933): App\Controllers\ClientController->operation()
 6 SYSTEMPATH/CodeIgniter.php(509): CodeIgniter\CodeIgniter->runController()
 7 SYSTEMPATH/CodeIgniter.php(355): CodeIgniter\CodeIgniter->handleRequest()
 8 SYSTEMPATH/Boot.php(325): CodeIgniter\CodeIgniter->run()
 9 SYSTEMPATH/Boot.php(67): CodeIgniter\Boot::runCodeIgniter()
10 FCPATH/index.php(56): CodeIgniter\Boot::bootWeb()
11 SYSTEMPATH/rewrite.php(44): require_once('/home/elmitia/Musique/examen_finalS4/public/index.php')
INFO - 2026-07-20 13:08:13 --> Session: Class initialized using 'CodeIgniter\Session\Handlers\FileHandler' driver.
INFO - 2026-07-20 13:08:13 --> Session: Class initialized using 'CodeIgniter\Session\Handlers\FileHandler' driver.
INFO - 2026-07-20 13:08:14 --> Session: Class initialized using 'CodeIgniter\Session\Handlers\FileHandler' driver.
INFO - 2026-07-20 13:08:19 --> Session: Class initialized using 'CodeIgniter\Session\Handlers\FileHandler' driver.
INFO - 2026-07-20 13:08:19 --> Session: Class initialized using 'CodeIgniter\Session\Handlers\FileHandler' driver.
INFO - 2026-07-20 13:08:22 --> Session: Class initialized using 'CodeIgniter\Session\Handlers\FileHandler' driver.
INFO - 2026-07-20 13:08:24 --> Session: Class initialized using 'CodeIgniter\Session\Handlers\FileHandler' driver.
INFO - 2026-07-20 13:08:25 --> Session: Class initialized using 'CodeIgniter\Session\Handlers\FileHandler' driver.
INFO - 2026-07-20 13:08:29 --> Session: Class initialized using 'CodeIgniter\Session\Handlers\FileHandler' driver.
INFO - 2026-07-20 13:08:29 --> Session: Class initialized using 'CodeIgniter\Session\Handlers\FileHandler' driver.
INFO - 2026-07-20 13:13:18 --> Session: Class initialized using 'CodeIgniter\Session\Handlers\FileHandler' driver.
INFO - 2026-07-20 13:13:18 --> Session: Class initialized using 'CodeIgniter\Session\Handlers\FileHandler' driver.
INFO - 2026-07-20 13:13:18 --> Session: Class initialized using 'CodeIgniter\Session\Handlers\FileHandler' driver.
INFO - 2026-07-20 13:13:18 --> Session: Class initialized using 'CodeIgniter\Session\Handlers\FileHandler' driver.
INFO - 2026-07-20 13:13:18 --> Session: Class initialized using 'CodeIgniter\Session\Handlers\FileHandler' driver.
INFO - 2026-07-20 13:13:18 --> Session: Class initialized using 'CodeIgniter\Session\Handlers\FileHandler' driver.
INFO - 2026-07-20 13:14:21 --> Session: Class initialized using 'CodeIgniter\Session\Handlers\FileHandler' driver.
INFO - 2026-07-20 13:14:24 --> Session: Class initialized using 'CodeIgniter\Session\Handlers\FileHandler' driver.
INFO - 2026-07-20 13:14:28 --> Session: Class initialized using 'CodeIgniter\Session\Handlers\FileHandler' driver.
INFO - 2026-07-20 13:14:28 --> Session: Class initialized using 'CodeIgniter\Session\Handlers\FileHandler' driver.
INFO - 2026-07-20 13:14:31 --> Session: Class initialized using 'CodeIgniter\Session\Handlers\FileHandler' driver.
INFO - 2026-07-20 13:14:35 --> Session: Class initialized using 'CodeIgniter\Session\Handlers\FileHandler' driver.
CRITICAL - 2026-07-20 13:14:35 --> Error: Call to a member function table() on null
[Method: GET, Route: client/operation]
in APPPATH/Views/client/operation.php on line 123.
 1 SYSTEMPATH/View/View.php(234): include()
 2 SYSTEMPATH/View/View.php(237): CodeIgniter\View\View->CodeIgniter\View\{closure}()
 3 SYSTEMPATH/Common.php(1171): CodeIgniter\View\View->render()
 4 APPPATH/Controllers/ClientController.php(86): view()
 5 SYSTEMPATH/CodeIgniter.php(933): App\Controllers\ClientController->operation()
 6 SYSTEMPATH/CodeIgniter.php(509): CodeIgniter\CodeIgniter->runController()
 7 SYSTEMPATH/CodeIgniter.php(355): CodeIgniter\CodeIgniter->handleRequest()
 8 SYSTEMPATH/Boot.php(325): CodeIgniter\CodeIgniter->run()
 9 SYSTEMPATH/Boot.php(67): CodeIgniter\Boot::runCodeIgniter()
10 FCPATH/index.php(56): CodeIgniter\Boot::bootWeb()
11 SYSTEMPATH/rewrite.php(44): require_once('/home/elmitia/Musique/examen_finalS4/public/index.php')
INFO - 2026-07-20 13:14:50 --> Session: Class initialized using 'CodeIgniter\Session\Handlers\FileHandler' driver.
INFO - 2026-07-20 13:14:52 --> Session: Class initialized using 'CodeIgniter\Session\Handlers\FileHandler' driver.
INFO - 2026-07-20 13:14:58 --> Session: Class initialized using 'CodeIgniter\Session\Handlers\FileHandler' driver.
CRITICAL - 2026-07-20 13:14:59 --> Error: Call to a member function table() on null
[Method: GET, Route: client/operation]
in APPPATH/Views/client/operation.php on line 123.
 1 SYSTEMPATH/View/View.php(234): include()
 2 SYSTEMPATH/View/View.php(237): CodeIgniter\View\View->CodeIgniter\View\{closure}()
 3 SYSTEMPATH/Common.php(1171): CodeIgniter\View\View->render()
 4 APPPATH/Controllers/ClientController.php(86): view()
 5 SYSTEMPATH/CodeIgniter.php(933): App\Controllers\ClientController->operation()
 6 SYSTEMPATH/CodeIgniter.php(509): CodeIgniter\CodeIgniter->runController()
 7 SYSTEMPATH/CodeIgniter.php(355): CodeIgniter\CodeIgniter->handleRequest()
 8 SYSTEMPATH/Boot.php(325): CodeIgniter\CodeIgniter->run()
 9 SYSTEMPATH/Boot.php(67): CodeIgniter\Boot::runCodeIgniter()
10 FCPATH/index.php(56): CodeIgniter\Boot::bootWeb()
11 SYSTEMPATH/rewrite.php(44): require_once('/home/elmitia/Musique/examen_finalS4/public/index.php')
INFO - 2026-07-20 13:18:10 --> Session: Class initialized using 'CodeIgniter\Session\Handlers\FileHandler' driver.
INFO - 2026-07-20 13:18:11 --> Session: Class initialized using 'CodeIgniter\Session\Handlers\FileHandler' driver.
CRITICAL - 2026-07-20 13:18:11 --> Error: Call to a member function table() on null
[Method: GET, Route: client/operation]
in APPPATH/Views/client/operation.php on line 123.
 1 SYSTEMPATH/View/View.php(234): include()
 2 SYSTEMPATH/View/View.php(237): CodeIgniter\View\View->CodeIgniter\View\{closure}()
 3 SYSTEMPATH/Common.php(1171): CodeIgniter\View\View->render()
 4 APPPATH/Controllers/ClientController.php(91): view()
 5 SYSTEMPATH/CodeIgniter.php(933): App\Controllers\ClientController->operation()
 6 SYSTEMPATH/CodeIgniter.php(509): CodeIgniter\CodeIgniter->runController()
 7 SYSTEMPATH/CodeIgniter.php(355): CodeIgniter\CodeIgniter->handleRequest()
 8 SYSTEMPATH/Boot.php(325): CodeIgniter\CodeIgniter->run()
 9 SYSTEMPATH/Boot.php(67): CodeIgniter\Boot::runCodeIgniter()
10 FCPATH/index.php(56): CodeIgniter\Boot::bootWeb()
11 SYSTEMPATH/rewrite.php(44): require_once('/home/elmitia/Musique/examen_finalS4/public/index.php')
INFO - 2026-07-20 13:18:22 --> Session: Class initialized using 'CodeIgniter\Session\Handlers\FileHandler' driver.
INFO - 2026-07-20 13:18:22 --> Session: Class initialized using 'CodeIgniter\Session\Handlers\FileHandler' driver.
INFO - 2026-07-20 13:18:23 --> Session: Class initialized using 'CodeIgniter\Session\Handlers\FileHandler' driver.
INFO - 2026-07-20 13:18:28 --> Session: Class initialized using 'CodeIgniter\Session\Handlers\FileHandler' driver.
INFO - 2026-07-20 13:18:28 --> Session: Class initialized using 'CodeIgniter\Session\Handlers\FileHandler' driver.
INFO - 2026-07-20 13:18:32 --> Session: Class initialized using 'CodeIgniter\Session\Handlers\FileHandler' driver.
INFO - 2026-07-20 13:18:32 --> Session: Class initialized using 'CodeIgniter\Session\Handlers\FileHandler' driver.
INFO - 2026-07-20 13:22:25 --> Session: Class initialized using 'CodeIgniter\Session\Handlers\FileHandler' driver.
INFO - 2026-07-20 13:22:25 --> Session: Class initialized using 'CodeIgniter\Session\Handlers\FileHandler' driver.
INFO - 2026-07-20 13:22:25 --> Session: Class initialized using 'CodeIgniter\Session\Handlers\FileHandler' driver.
INFO - 2026-07-20 13:22:26 --> Session: Class initialized using 'CodeIgniter\Session\Handlers\FileHandler' driver.
INFO - 2026-07-20 13:22:26 --> Session: Class initialized using 'CodeIgniter\Session\Handlers\FileHandler' driver.
INFO - 2026-07-20 13:22:26 --> Session: Class initialized using 'CodeIgniter\Session\Handlers\FileHandler' driver.
INFO - 2026-07-20 13:22:26 --> Session: Class initialized using 'CodeIgniter\Session\Handlers\FileHandler' driver.
INFO - 2026-07-20 13:24:15 --> Session: Class initialized using 'CodeIgniter\Session\Handlers\FileHandler' driver.
INFO - 2026-07-20 13:24:17 --> Session: Class initialized using 'CodeIgniter\Session\Handlers\FileHandler' driver.
CRITICAL - 2026-07-20 13:24:20 --> ErrorException: Undefined array key "operateur"
[Method: POST, Route: client/login]
in APPPATH/Models/PrefixeModel.php on line 25.
 1 APPPATH/Models/PrefixeModel.php(25): CodeIgniter\Debug\Exceptions->errorHandler()
 2 APPPATH/Controllers/ClientController.php(51): App\Models\PrefixeModel->getOperateurByTelephone()
 3 SYSTEMPATH/CodeIgniter.php(933): App\Controllers\ClientController->doLogin()
 4 SYSTEMPATH/CodeIgniter.php(509): CodeIgniter\CodeIgniter->runController()
 5 SYSTEMPATH/CodeIgniter.php(355): CodeIgniter\CodeIgniter->handleRequest()
 6 SYSTEMPATH/Boot.php(325): CodeIgniter\CodeIgniter->run()
 7 SYSTEMPATH/Boot.php(67): CodeIgniter\Boot::runCodeIgniter()
 8 FCPATH/index.php(56): CodeIgniter\Boot::bootWeb()
 9 SYSTEMPATH/rewrite.php(44): require_once('/home/elmitia/Musique/examen_finalS4/public/index.php')
INFO - 2026-07-20 13:33:25 --> Session: Class initialized using 'CodeIgniter\Session\Handlers\FileHandler' driver.
INFO - 2026-07-20 13:33:25 --> Session: Class initialized using 'CodeIgniter\Session\Handlers\FileHandler' driver.
INFO - 2026-07-20 13:33:25 --> Session: Class initialized using 'CodeIgniter\Session\Handlers\FileHandler' driver.
CRITICAL - 2026-07-20 13:33:25 --> Error: Call to a member function table() on null
[Method: GET, Route: client/operation]
in APPPATH/Views/client/operation.php on line 123.
 1 SYSTEMPATH/View/View.php(234): include()
 2 SYSTEMPATH/View/View.php(237): CodeIgniter\View\View->CodeIgniter\View\{closure}()
 3 SYSTEMPATH/Common.php(1171): CodeIgniter\View\View->render()
 4 APPPATH/Controllers/ClientController.php(91): view()
 5 SYSTEMPATH/CodeIgniter.php(933): App\Controllers\ClientController->operation()
 6 SYSTEMPATH/CodeIgniter.php(509): CodeIgniter\CodeIgniter->runController()
 7 SYSTEMPATH/CodeIgniter.php(355): CodeIgniter\CodeIgniter->handleRequest()
 8 SYSTEMPATH/Boot.php(325): CodeIgniter\CodeIgniter->run()
 9 SYSTEMPATH/Boot.php(67): CodeIgniter\Boot::runCodeIgniter()
10 FCPATH/index.php(56): CodeIgniter\Boot::bootWeb()
11 SYSTEMPATH/rewrite.php(44): require_once('/home/elmitia/Musique/examen_finalS4/public/index.php')
INFO - 2026-07-20 13:35:34 --> Session: Class initialized using 'CodeIgniter\Session\Handlers\FileHandler' driver.
INFO - 2026-07-20 13:35:34 --> Session: Class initialized using 'CodeIgniter\Session\Handlers\FileHandler' driver.
INFO - 2026-07-20 13:35:34 --> Session: Class initialized using 'CodeIgniter\Session\Handlers\FileHandler' driver.
INFO - 2026-07-20 13:35:34 --> Session: Class initialized using 'CodeIgniter\Session\Handlers\FileHandler' driver.
INFO - 2026-07-20 13:35:34 --> Session: Class initialized using 'CodeIgniter\Session\Handlers\FileHandler' driver.
INFO - 2026-07-20 13:37:13 --> Session: Class initialized using 'CodeIgniter\Session\Handlers\FileHandler' driver.
INFO - 2026-07-20 13:37:15 --> Session: Class initialized using 'CodeIgniter\Session\Handlers\FileHandler' driver.
INFO - 2026-07-20 13:37:18 --> Session: Class initialized using 'CodeIgniter\Session\Handlers\FileHandler' driver.
INFO - 2026-07-20 13:37:18 --> Session: Class initialized using 'CodeIgniter\Session\Handlers\FileHandler' driver.
INFO - 2026-07-20 13:37:26 --> Session: Class initialized using 'CodeIgniter\Session\Handlers\FileHandler' driver.
INFO - 2026-07-20 13:37:26 --> Session: Class initialized using 'CodeIgniter\Session\Handlers\FileHandler' driver.
INFO - 2026-07-20 13:37:44 --> Session: Class initialized using 'CodeIgniter\Session\Handlers\FileHandler' driver.
INFO - 2026-07-20 13:37:44 --> Session: Class initialized using 'CodeIgniter\Session\Handlers\FileHandler' driver.
INFO - 2026-07-20 13:37:46 --> Session: Class initialized using 'CodeIgniter\Session\Handlers\FileHandler' driver.
